[monster]
orb_fountain=297
Goo=73
Dirt_Eater=49
Zombie=8
Lost_Soul=68
Armored_Rahzar=3
Bebop=64
BluePoring=72
Rocksteady=59
Poring=43
Armored_Orb_Fountain=8
SuperElite_River_Crab=4
SuperElite_Nightmare_Hornet=1
Armored_Rocksteady=5
SuperElite_Dirt_Eater=3
Cow=2
AnniDwarf=4
AnniGnome=2
Wild_Rabbit=60
Armored_AnniDwarf=4
Armored_Poring=6
SuperElite_AnniDwarf=4
Armored_Lost_Soul=10
SuperElite_Bee=2
TheWorld=5
Armored_Goo=10
FootSoldier=60
Bee=68
SuperElite_Lost_Soul=11
Tokka=75
SuperElite_Orb_Fountain=67
Armored_Wild_Rabbit=10
SuperElite_Bark_Spider=1
Armored_Dirt_Eater=8
SuperElite_Poring=6
Armored_Bee=8
Armored_TheWorld=3
Armored_BluePoring=8
SuperElite_Goo=7
SuperElite_TheWorld=7
River_Crab=6
Armored_Tokka=4
SuperElite_BluePoring=51
Ding_Bats=16
Armored_Orcish_Impaler=2
SuperElite_Cow=1
Armored_Cow=1
SuperElite_FootSoldier=29
Armored_Ding_Bats=4
Armored_Bebop=4
Rahzar=64
SuperElite_Wild_Rabbit=5
Bark_Spider=27
SuperElite_Rahzar=45
SuperElite_Tokka=5
Naugthy_Leprechaun=52
Bandit_Leprechaun=9
SuperElite_Rocksteady=4
Sup_Arachnide=14
BatOnStrings=4
SpoopyGhost=1
GoofyMonster=1
RubberZombie=2
Armored_Ghost_Turkey=4
Orcish_Impaler=12
RedSlime=1
SuperElite_Sludge=1
SuperElite_Ding_Bats=10
SuperElite_Stone_Eater=4
Coiled_Snake=1
Rock_Lizard=9
Armored_Minotaur=6
SuperElite_Ghost_Turkey=4
Ghost_Turkey=6
SuperElite_Bebop=1
Minotaur=2
SuperElite_Dark_Knight=3
Armored_Creeper=3
Goblin_Smithy=5
Armored_BeeBear=1
Armored_Dark_Knight=1
Armored_ArchDemon_Samurai=1
Armored_Orcish_Wyrmbrander=2
Armored_Acrobat=2
SuperElite_Combat=2
SuperElite_Stygian=1
Armored_Bark_Spider=1
Bulbasaur=42
SuperElite_Yagudo_Zealot=5
Armored_Flame_Skull=3
SuperElite_Orcish_Impaler=6
SuperElite_Pokey=6
Armored_Pokey=7
Dark_Knight=2
Yagudo_Zealot=3
Armored_Rock_Lizard=4
Armored_Recluse_Spider=1
Armored_Deepcroft_Bat=2
Armored_RahZar2=33
SuperElite_Goblin_Smithy=5
Armored_Bone_Soldier=1
Armored_Gremlin=3
SuperElite_Zombie=1
Armored_Demonic_Spider=1
Moblin=1
Armored_ArchDemon_Knight=1
Nightmare_Vanguard=1
Armored_Fire_Archer=1
SuperElite_Ironshell=3
Armored_FootballZombie=1
Armored_Demon_Knight=1
Armored_Alpha_Werewolf=3
DrakLoak=1
Crookhallow_Bandit=1
Ivysaur=3
Venusaur=1
Armored_Brook_Sahagin=2
Armored_Balrog=1
Armored_Sludge=3
Gray_Werewolf=2
SuperElite_Starman_Junior=1
Yagudo_Scribe=1
Heraldic_Imp=1
Armored_Baby_Hydra=2
Armored_Dingalong=1
Scarab_Beetle=1
Armored_Adamantoise=1
Armored_Chimera=1
SuperElite_Air_Elemental=1
Armored_Cyberman=3
Pokey=1
Stone_Eater=6
PoisonSlime=2
Armored_Chaos_Idol=1
SuperElite_RedSlime=1
Armored_Crookhallow_Buckaroo=1
Armored_Ancient_Mummy=1
Armored_Crookhallow_Rifleman=1
Armored_Ore_Eater=2
Armored_Air_Elemental=1
Armored_Cave_Tiger=1
Armored_Drachenlizard=1
Combat=1
Armored_BloodGoyle=1
SuperElite_Rock_Lizard=3
Armored_Demon_Warrior=2
Armored_Yagudo_Zealot=2
GammaLeftArm=1
Armored_BlueSlime=1
Armored_Zombie=1
Volcano_Wasp=1
Armored_Nightmare_Vanguard=1
SuperElite_Gold_Golem=1
Cyclops_Warrior=1
Armored_InfernalBovine=1
Armored_Cursed_Mummy=1
Armored_Cyclops_Guard=1
Flame_Skull=1
Armored_Orc_Commander=1
HealSlime=1
GekkoDwarf=1
Lamia_Dartist=1
Dhalmel=1
Armored_Volcano_Wasp=1
SuperElite_Ghost_Bomb=1
Fire_Golem=3
Armored_Devil_Manta=1
Armored_AnniGnome=2
Armored_Stygian=1
Armored_Moblin=2
Elite_Fire_Golem=3
Armored_Dark_Elemental=1
SuperElite_Blue_Bones=1
SuperElite_Pride_Demon=1
SuperElite_AnniGnome=2
SuperElite_Thunder_Elemental=1
Acrobat=1
Armored_ArchDemon_Wizard=1
Armored_Ancient_Demonstool=1
creep=4
core_stone=25
Core_Guardian=10
GreenSlime=1
Pride_Demon=1
Armored_Crimson_Slime=2
Forest_Giant=1
Armored_Treasure_Goblin=1
Armored_Elder_Treant=1
Armored_Demon_Wizard=1
Glyphid_Spawn=4
Glyphid_Swarmer=2
Radiant_Glyphid_Swarmer=1
Ice_Glyphid_Swarmer=4
Armored_Combat=1
SuperElite_Hollow=1
SuperElite_Kindred_Warrior=1
SuperElite_Cursed_Mummy=1
SuperElite_Undead_BlackMage=1
Armored_Ermit_Imp=1
Creeper=20

[boss]
Stinging_Sophie=12
GiantDemonPumpkin=1
Tiamat=7
Brauner=5
Ashmaker_Gotblut=7
Cell=6
Cerberus=2
Jester=3
JumboCactuar=5
LeChuck=1
CyberLord=7
KingSlime=2
Krang=6
Flowey=1
SaferSephiroth=1
MadDawg=1
Bigmouth_Billy=6
TheShredder=5
Dune_Widow=2
Black_Widow=4
Airbuster=2
Balrog-SF=1
Menos_Grande=1
