SuperElite_12thLegion_Avenger
SuperElite_12thLegion_Cannis
SuperElite_12thLegion_Laquearius
SuperElite_12thLegion_Slasher
SuperElite_12thLegion_Vanguard
SuperElite_Acrobat
SuperElite_Adamantoise
SuperElite_Air_Elemental
SuperElite_Alpha_Werewolf
SuperElite_Ancient_Demonstool
SuperElite_Ancient_Hecteyes
SuperElite_Ancient_MoldColony
SuperElite_Ancient_Mummy
SuperElite_Ancient_Wamoura
SuperElite_AnniDwarf
SuperElite_AnniGnome
SuperElite_ArchDemon_Knight
SuperElite_ArchDemon_Samurai
SuperElite_ArchDemon_Warrior
SuperElite_ArchDemon_Wizard
SuperElite_Bee
SuperElite_FootSoldier
SuperElite_RahZar
SuperElite_Tokka
SuperElite_Baby_Hydra
SuperElite_Baelfyr
SuperElite_Balrog
SuperElite_Bark_Spider
SuperElite_Bathos
SuperElite_BatOnStrings
SuperElite_BearShark
SuperElite_Bebop
SuperElite_Bee
SuperElite_BeeBear
SuperElite_Beetle
SuperElite_Bigclaw
SuperElite_BlackPudding
SuperElite_Black_Bones
SuperElite_BloodGoyle
SuperElite_BluePoring
SuperElite_BlueSlime
SuperElite_Blue_Bones
SuperElite_Blue_Bubble
SuperElite_Blue_MedusaHead
SuperElite_Blue_Rusalka
SuperElite_Boney_Passenger
SuperElite_Bone_Soldier
SuperElite_Brina
SuperElite_Brook_Sahagin
SuperElite_Butcher
SuperElite_Byrgen
SuperElite_Cactuar
SuperElite_Calca
SuperElite_Carpet_Stain
SuperElite_Cave_Tiger
SuperElite_Chaos_Idol
SuperElite_Chimera
SuperElite_Chimyriad
SuperElite_Cieldalaes_Crawler
SuperElite_Cieldalaes_Mantis
SuperElite_Citadel_Bats
SuperElite_Coiled_Snake
SuperElite_Combat
SuperElite_Copper_Beetle
SuperElite_Corpsefly
SuperElite_Count
SuperElite_Countess
SuperElite_Cow
SuperElite_Creek_Sahagin
SuperElite_Creeper
SuperElite_CrimsonZombie
SuperElite_Crimson_Slime
SuperElite_Crookhallow_Bandit
SuperElite_Crookhallow_Buckaroo
SuperElite_Crookhallow_Cardshark
SuperElite_Crookhallow_Gunslinger
SuperElite_Crookhallow_Rifleman
SuperElite_Crookhallow_Sharpshooter
SuperElite_Cthulhu_Creeper
SuperElite_Cucco
SuperElite_Cucco_Swarm
SuperElite_CureSlime
SuperElite_Cursed_Bishop
SuperElite_Cursed_Mummy
SuperElite_Cursed_Pawn
SuperElite_Cursed_Queen
SuperElite_Cursed_Rook
SuperElite_Cyberman
SuperElite_Cyclomedusa
SuperElite_Cyclops_Guard
SuperElite_Cyclops_Impaler
SuperElite_Cyclops_Warrior
SuperElite_Dalek
SuperElite_Dark_Elemental
SuperElite_Dark_Knight
SuperElite_Dark_Mummy
SuperElite_Dark_Octopus
SuperElite_Death_Armos
SuperElite_Death_Knight
SuperElite_Decapiclops
SuperElite_Deepcroft_Bat
SuperElite_Deepcroft_Beetle
SuperElite_Deepcroft_Bones
SuperElite_Deepcroft_Cultist
SuperElite_Deepcroft_Imp
SuperElite_Deepcroft_Mitling
SuperElite_Deepcroft_Orb
SuperElite_Deepcroft_Zealot
SuperElite_DekuScrub
SuperElite_Demonic_Spider
SuperElite_Demon_Knight
SuperElite_Demon_Samurai
SuperElite_Demon_Warrior
SuperElite_Demon_Wizard
SuperElite_Desert_Beetle
SuperElite_Destroyer_Probe
SuperElite_Devil_Manta
SuperElite_Dhalmel
SuperElite_Dingaling
SuperElite_Dingalong
SuperElite_Ding_Bats
SuperElite_Dirt_Eater
SuperElite_Domovoi
SuperElite_Drachenlizard
SuperElite_Dragoon_Ghost
SuperElite_EagleArmorGear
SuperElite_EagleGunnerGear
SuperElite_EagleWingGear
SuperElite_Earth_Elemental
SuperElite_EdinGear
SuperElite_ElderCount
SuperElite_ElderCountess
SuperElite_Elder_Treant
SuperElite_Emerald_Quadav
SuperElite_Enchanted_Bones
SuperElite_Ermit_Imp
SuperElite_EtoneGear
SuperElite_Female_Vampire
SuperElite_Final_Starman
SuperElite_Fire_Archer
SuperElite_Fire_Elemental
SuperElite_Fission_Metroid
SuperElite_Flame_Knight
SuperElite_Flame_Skull
SuperElite_FootballZombie
SuperElite_FootSoldier
SuperElite_Forest_Giant
SuperElite_Frost_Knight
SuperElite_GammaLeftArm
SuperElite_GammaRightArm
SuperElite_GanadorGear
SuperElite_Gas_Spore
SuperElite_Gekko
SuperElite_GekkoDwarf
SuperElite_Geyfyrst
SuperElite_Ghost_Bomb
SuperElite_Ghost_Samurai
SuperElite_Ghost_Turkey
SuperElite_Ghoulish_Passenger
SuperElite_Gibdo
SuperElite_Gnole
SuperElite_Goblin_Berserker
SuperElite_Goblin_Enchanter
SuperElite_Goblin_Shaman
SuperElite_Goblin_Smithy
SuperElite_Gold_Golem
SuperElite_Gold_MedusaHead
SuperElite_Goliath_Beetle
SuperElite_Goo
SuperElite_GoofyMonster
SuperElite_Gravedigger_Imp
SuperElite_Gray_Werewolf
SuperElite_Greater_Pugil
SuperElite_Greedy_Goblin
SuperElite_GreenSlime
SuperElite_Green_Bones
SuperElite_Gremlin
SuperElite_Guardian_Treant
SuperElite_Haukke_Bones
SuperElite_Haukke_Ghost
SuperElite_Haukke_Hound
SuperElite_Haukke_Lamp1
SuperElite_Haukke_Lamp2
SuperElite_Haukke_Lamp3
SuperElite_Haukke_Lamp4
SuperElite_Haunted_Passenger
SuperElite_Healing_Slime
SuperElite_HealSlime
SuperElite_Heraldic_Imp
SuperElite_Highland_Treant
SuperElite_Hikari_Reaper
SuperElite_Hippogryph
SuperElite_Hollow
SuperElite_Hornet
SuperElite_Hungry_Spore
SuperElite_Hypertuned
SuperElite_Icefang_Tiger
SuperElite_Ice_Elemental
SuperElite_InfernalBovine
SuperElite_InfernalNail
SuperElite_Ironshell
SuperElite_Isle_Harpeia
SuperElite_Isle_Hornet
SuperElite_Isle_Mimic
SuperElite_JenovaTentacle
SuperElite_Kan-ra_Harpy
SuperElite_Kan-ra_Hound
SuperElite_Kan-ra_Mummy
SuperElite_Kan-ra_Scarab
SuperElite_Kan-ra_Skeleton
SuperElite_Kindred_Knight
SuperElite_Kindred_Samurai
SuperElite_Kindred_Warrior
SuperElite_Kindred_Wizard
SuperElite_Kraken_Arm
SuperElite_Lady's_Handmaiden
SuperElite_Lamia_Dancer
SuperElite_Lamia_Dartist
SuperElite_Lamia_Graverobber
SuperElite_Lamia_Swordmaster
SuperElite_Lamp_Bomb
SuperElite_LargeCow
SuperElite_Large_Armos
SuperElite_Leshy
SuperElite_Light_Elemental
SuperElite_Lost_Soul
SuperElite_Madara_Clone
SuperElite_MadCow
SuperElite_Mad_Piranha
SuperElite_Magic_Pot
SuperElite_Magitek_Pod
SuperElite_Magnes_Quadav
SuperElite_Male_Vampire
SuperElite_Mammoth
SuperElite_Maneating_Hornet
SuperElite_Maniac
SuperElite_Manor_Claviger
SuperElite_Manor_Sentry
SuperElite_Medium_Armos
SuperElite_MetalSlime
SuperElite_Metroid
SuperElite_Midnight_Slime
SuperElite_Mineral_Eater
SuperElite_Mini_WorldEater
SuperElite_Mini_World_Eater
SuperElite_Minotaur
SuperElite_Miser_Goblin
SuperElite_Moblin
SuperElite_MonsterMedicine
SuperElite_Moonfang
SuperElite_Mosquito
SuperElite_Mountain_Worm
SuperElite_Mud_Pugil
SuperElite_Nightmare_Hornet
SuperElite_Nightmare_Vanguard
SuperElite_Ninja_Assassin
SuperElite_Ninki_Nanka
SuperElite_Note.txt
SuperElite_NotSoScaryVampire
SuperElite_Orb_Fountain
SuperElite_Orcish_Gunshooter
SuperElite_Orcish_Impaler
SuperElite_Orcish_Neckchopper
SuperElite_Orcish_Predator
SuperElite_Orcish_Wyrmbrander
SuperElite_Orc_Commander
SuperElite_Ore_Eater
SuperElite_Oxocutioner
SuperElite_Pathos
SuperElite_Phantom_Passenger
SuperElite_Plantera_Biter
SuperElite_PoisonSlime
SuperElite_Pokey
SuperElite_Poring
SuperElite_Pot_O_Greed
SuperElite_Prancing_Sapling
SuperElite_Pride_Demon
SuperElite_Prime_Cannon
SuperElite_Prime_Laser
SuperElite_Prime_Saw
SuperElite_Prime_Vice
SuperElite_Pugil
SuperElite_Purple_Bones
SuperElite_Rahzar
SuperElite_Ravager
SuperElite_RazorPlume
SuperElite_Reaver
SuperElite_Recluse_Spider
SuperElite_RedeadKnight
SuperElite_RedSlime
SuperElite_Red_Bones
SuperElite_Red_Bubble
SuperElite_Red_Rusalka
SuperElite_Retro_Hippie
SuperElite_Revenant
SuperElite_River_Crab
SuperElite_Roaming_Sapling
SuperElite_Rocksteady
SuperElite_Rock_Eater
SuperElite_Rock_Lizard
SuperElite_RubberSpider
SuperElite_RubberZombie
SuperElite_Ruby_Quadav
SuperElite_Ruly_Imp
SuperElite_Sabertooth_Tiger
SuperElite_Sallet_Crab
SuperElite_Samurai_Ghost
SuperElite_SandyClaws
SuperElite_Sand_Digger
SuperElite_Sapphire_Quadav
SuperElite_Scarab_Beetle
SuperElite_Scurvy_Bat
SuperElite_Scurvy_Dog
SuperElite_Scurvy_Pirate
SuperElite_Scurvy_Reaver
SuperElite_Seawater_Sprite
SuperElite_Sea_Pugil
SuperElite_Servant_of_Cthulhu
SuperElite_Shark
SuperElite_Shopkeeper
SuperElite_Shrapnel
SuperElite_Shrieking_Spore
SuperElite_Sierra_Tiger
SuperElite_Sifaka
SuperElite_Silver_MedusaHead
SuperElite_Skeletron_LeftArm
SuperElite_Skeletron_RightArm
SuperElite_Slimey_Passenger
SuperElite_Sludge
SuperElite_Small_Armos
SuperElite_Small_Werewolf
SuperElite_Snow_Giant
SuperElite_Snow_Lizard
SuperElite_Snow_Wight
SuperElite_Space_Pirate
SuperElite_Space_Pirate_Aerotrooper
SuperElite_Spectator
SuperElite_SpoopyGhost
SuperElite_Stag_Beetle
SuperElite_Starman_Deluxe
SuperElite_Starman_Ghost
SuperElite_Starman_Junior
SuperElite_Stone_Eater
SuperElite_Storm_Giant
SuperElite_Stream_Sahagin
SuperElite_Strolling_Sapling
SuperElite_Stygian
SuperElite_Succubus
SuperElite_Terror_Asp
SuperElite_Terror_Bloodclot
SuperElite_Terror_Gargoyle
SuperElite_Terror_Priest
SuperElite_Terror_Scarab
SuperElite_Terror_Warlock
SuperElite_Terror_Wisp
SuperElite_Terror_Zombie
SuperElite_TheWorld
SuperElite_Thunder_Elemental
SuperElite_Timeless_Demon
SuperElite_Tokka
SuperElite_Tower_Balloon
SuperElite_Tower_Bomb
SuperElite_Tower_Claws
SuperElite_Tower_Cobra
SuperElite_Tower_Conjurer
SuperElite_Tower_Demon
SuperElite_Tower_Exterminator
SuperElite_Tower_Eye
SuperElite_Tower_Firewall
SuperElite_Tower_Giant
SuperElite_Tower_Homunculus
SuperElite_Tower_Hornet
SuperElite_Tower_Hunter
SuperElite_Tower_Kingsguard
SuperElite_Tower_KingsMage
SuperElite_Tower_Nemesis
SuperElite_Tower_Orc
SuperElite_Tower_Repurposer
SuperElite_Tower_Vassago
SuperElite_Tower_Yagudo
SuperElite_Treant
SuperElite_Treant_Sapling
SuperElite_Treasure_Goblin
SuperElite_Ugly_Knight
SuperElite_Undead_BlackMage
SuperElite_Undead_Corsair
SuperElite_Undead_Dragoon
SuperElite_Undead_Knight
SuperElite_Undead_Monk
SuperElite_Undead_Ranger
SuperElite_Undead_RedMage
SuperElite_Undead_Samurai
SuperElite_Ungeweder
SuperElite_Unicorn
SuperElite_Veteran_Quadav
SuperElite_Void_Soulburner
SuperElite_Void_Soulcounter
SuperElite_Volcano_Wasp
SuperElite_Water_Elemental
SuperElite_White_Werewolf
SuperElite_Wild_Rabbit
SuperElite_Wooden_Puppet
SuperElite_Wyvern
SuperElite_Yagudo_Conductor
SuperElite_Yagudo_Herald
SuperElite_Yagudo_Oracle
SuperElite_Yagudo_Prior
SuperElite_Yagudo_Prioress
SuperElite_Yagudo_Scribe
SuperElite_Yagudo_Summoner
SuperElite_Yagudo_Zealot
SuperElite_Yellow_Jelly
SuperElite_Young_Mummy
SuperElite_Zarklet
SuperElite_Zombie
SuperElite_ZombieChef
SuperElite_ZombieRockStar
SuperElite_ZombieSalesman
SuperElite_ZombieWillakers
SuperElite_Zu
SuperElite_Zuzueca